Microchip MPLAB XC8 Compiler V2.10 ()

Linker command line:

-W-3 --edf=C:\Program Files (x86)\Microchip\xc8\v2.10\pic\dat\en_msgs.txt \
  -cs -h+dist/default/production\DHT22_Fimware.X.production.sym \
  --cmf=dist/default/production\DHT22_Fimware.X.production.cmf -z -Q16F877 \
  -oC:\Users\MUHAMM~1\AppData\Local\Temp\sd8o.2 \
  -Mdist/default/production/DHT22_Fimware.X.production.map -E1 -ver=XC8 \
  -ASTACK=0110h-016Fh -pstack=STACK -ACODE=00h-07FFhx4 -ASTRCODE=00h-01FFFh \
  -ASTRING=00h-0FFhx32 -ACONST=00h-0FFhx32 -AENTRY=00h-0FFhx32 \
  -ACOMMON=070h-07Fh -ABANK0=020h-06Fh -ABANK1=0A0h-0EFh \
  -ABANK2=0110h-016Fh -ABANK3=0190h-01EFh \
  -ARAM=020h-06Fh,0A0h-0EFh,0110h-016Fh,0190h-01EFh \
  -AABS1=020h-07Fh,0A0h-0EFh,0110h-016Fh,0190h-01EFh -ASFR0=00h-01Fh \
  -ASFR1=080h-09Fh -ASFR2=0100h-010Fh -ASFR3=0180h-018Fh \
  -preset_vec=00h,intentry=04h,init,end_init -ppowerup=CODE -pcinit=CODE \
  -pfunctab=ENTRY -ACONFIG=02007h-02007h -pconfig=CONFIG -DCONFIG=2 \
  -AIDLOC=02000h-02003h -pidloc=IDLOC -DIDLOC=2 -AEEDATA=00h-0FFh/02100h \
  -peeprom_data=EEDATA -DEEDATA=2 -DCODE=2 -DSTRCODE=2 -DSTRING=2 -DCONST=2 \
  -DENTRY=2 -k C:\Users\MUHAMM~1\AppData\Local\Temp\sd8o.obj \
  dist/default/production\DHT22_Fimware.X.production.obj 

Object code version is 3.11

Machine type is 16F877



                Name                               Link     Load   Length Selector   Space Scale
C:\Users\MUHAMM~1\AppData\Local\Temp\sd8o.obj
                end_init                              C        C        3        8       0
                reset_vec                             0        0        3        0       0
                config                             2007     2007        1     400E       0
dist/default/production\DHT22_Fimware.X.production.obj
                cinit                                 F        F       3E        8       0
                intentry                              4        4        8        8       0
                text7                               3DC      3DC       15      5CA       0
                text6                               40A      40A        3      5CA       0
                text5                               38C      38C       22      5CA       0
                text4                                4D       4D      181        8       0
                text3                               321      321       39      5CA       0
                text2                               2E5      2E5       3C      5CA       0
                text1                               35A      35A       32      5CA       0
                maintext                            1CE      1CE       DB        8       0
                cstackBANK0                          5E       5E        9       20       1
                cstackCOMMON                         70       70        9       70       1
                clrtext                             402      402        8      5CA       0
                inittext                            3F1      3F1       11      5CA       0
                bssBANK3                            190      190       28      190       1
                dataBANK1                            C8       C8       19       A0       1
                bssBANK1                             A0       A0       28       A0       1
                dataBANK0                            49       49       15       20       1
                bssBANK0                             20       20       29       20       1
                dataCOMMON                           7A       7A        1       70       1
                bssCOMMON                            79       79        1       70       1
                strings                             2A9      2A9       3C      552       0
                idataBANK1                          3AE      3AE       19      5CA       0
                idataBANK0                          3C7      3C7       15      5CA       0
                idataCOMMON                         40D      40D        1      5CA       0

TOTAL           Name                               Link     Load   Length     Space
        CLASS   STACK          

        CLASS   CODE           
                end_init                              C        C        3         0
                cinit                                 F        F       3E         0
                intentry                              4        4        8         0
                reset_vec                             0        0        3         0
                text7                               3DC      3DC       15         0
                text6                               40A      40A        3         0
                text5                               38C      38C       22         0
                text4                                4D       4D      181         0
                text3                               321      321       39         0
                text2                               2E5      2E5       3C         0
                text1                               35A      35A       32         0
                maintext                            1CE      1CE       DB         0
                clrtext                             402      402        8         0
                inittext                            3F1      3F1       11         0
                idataBANK1                          3AE      3AE       19         0
                idataBANK0                          3C7      3C7       15         0
                idataCOMMON                         40D      40D        1         0

        CLASS   STRCODE        

        CLASS   STRING         
                strings                             2A9      2A9       3C         0

        CLASS   CONST          

        CLASS   ENTRY          

        CLASS   COMMON         
                cstackCOMMON                         70       70        9         1
                dataCOMMON                           7A       7A        1         1
                bssCOMMON                            79       79        1         1

        CLASS   BANK0          
                cstackBANK0                          5E       5E        9         1
                dataBANK0                            49       49       15         1
                bssBANK0                             20       20       29         1

        CLASS   BANK1          
                dataBANK1                            C8       C8       19         1
                bssBANK1                             A0       A0       28         1

        CLASS   BANK2          

        CLASS   BANK3          
                bssBANK3                            190      190       28         1

        CLASS   RAM            

        CLASS   ABS1           
                abs_s1                               7E       7E        2         1

        CLASS   SFR0           

        CLASS   SFR1           

        CLASS   SFR2           

        CLASS   SFR3           

        CLASS   CONFIG         
                config                             2007     2007        1         0

        CLASS   IDLOC          

        CLASS   EEDATA         



SEGMENTS        Name                           Load    Length   Top    Selector   Space  Class     Delta

                reset_vec                      000000  000003  000003         0       0  CODE        2
                intentry                       000004  0002A5  0002A9         8       0  CODE        2
                bssBANK0                       000020  000047  000067        20       1  BANK0       1
                cstackCOMMON                   000070  00000B  00007B        70       1  COMMON      1
                bssBANK1                       0000A0  000041  0000E1        A0       1  BANK1       1
                bssBANK3                       000190  000028  0001B8       190       1  BANK3       1
                strings                        0002A9  00003C  0002E5       552       0  STRING      2
                text2                          0002E5  000129  00040E       5CA       0  CODE        2
                config                         002007  000001  002008      400E       0  CONFIG      2


UNUSED ADDRESS RANGES

        Name                Unused          Largest block    Delta
        BANK0            0067-006F              9           1
        BANK1            00E1-00EF              F           1
        BANK2            0110-016F             60           1
        BANK3            01B8-01EF             38           1
        CODE             0003-0003              1           2
                         040E-1FFF            800
        COMMON           007B-007D              3           1
        CONST            0003-0003              1           2
                         040E-1FFF            100
        EEDATA           2100-21FF            100           2
        ENTRY            0003-0003              1           2
                         040E-1FFF            100
        IDLOC            2000-2003              4           2
        RAM              0067-006F              9           1
                         00E1-00EF              F
                         0110-016F             60
                         01B8-01EF             38
        SFR0             0000-001F             20           1
        SFR1             0080-009F             20           1
        SFR2             0100-010F             10           1
        SFR3             0180-018F             10           1
        STACK            0110-016F             60           1
        STRCODE          0003-0003              1           2
                         040E-1FFF           1BF2
        STRING           0003-0003              1           2
                         040E-1FFF            100

                                  Symbol Table

?___lwdiv                      cstackCOMMON 0073
?___lwmod                      cstackBANK0  0061
OparateSystem@DataPtr          cstackBANK0  005E
OparateSystem@Idx              cstackBANK0  005F
SerialPrint@Text               cstackCOMMON 0073
_CheckSum                      bssBANK0     0030
_Counter                       bssBANK0     0020
_CurrentPinValue               bssBANK0     0038
_CurrentShiftBuffer            bssBANK0     0036
_Dht22CurrentStatus            dataBANK0    0049
_INTCONbits                    (abs)        000B
_InitialVariableHande          text6        040A
_OPTION_REGbits                (abs)        0081
_OneSecond                     bssBANK0     003E
_OparateSystem                 text4        004D
_PIE1bits                      (abs)        008C
_PIR1bits                      (abs)        000C
_PORTBbits                     (abs)        0006
_PORTCbits                     (abs)        0007
_PreviousPinValue              bssBANK0     003A
_PreviousShiftBuffer           bssBANK0     0034
_RCSTAbits                     (abs)        0018
_ReceiveIndex                  bssBANK0     0024
_RhDecimalValue                bssBANK0     002E
_Rhmessage                     dataBANK0    004A
_SPBRG                         (abs)        0099
_SerialPrint                   text5        038C
_SetupConfHandle               text3        0321
_SystemFlag                    bssBANK0     003D
_T0int                         text7        03DC
_T1CONbits                     (abs)        0010
_TMR0                          (abs)        0001
_TMR1                          (abs)        000E
_TMR1H                         (abs)        000F
_TMR1L                         (abs)        000E
_TRISBbits                     (abs)        0086
_TRISCbits                     (abs)        0087
_TXREG                         (abs)        0019
_TXSTAbits                     (abs)        0098
_TempArray                     bssBANK0     003F
_Tmessage                      dataBANK1    00C8
_TunsignedDecimalValue         bssBANK0     0028
__CFG_BOREN$ON                 (abs)        0000
__CFG_CP$OFF                   (abs)        0000
__CFG_CPD$OFF                  (abs)        0000
__CFG_FOSC$HS                  (abs)        0000
__CFG_LVP$ON                   (abs)        0000
__CFG_PWRTE$OFF                (abs)        0000
__CFG_WDTE$OFF                 (abs)        0000
__CFG_WRT$OFF                  (abs)        0000
__Habs1                        abs1         0000
__Hbank0                       bank0        0000
__Hbank1                       bank1        0000
__Hbank2                       bank2        0000
__Hbank3                       bank3        0000
__HbssBANK0                    bssBANK0     0000
__HbssBANK1                    bssBANK1     0000
__HbssBANK3                    bssBANK3     0000
__HbssCOMMON                   bssCOMMON    0000
__Hcinit                       cinit        004D
__Hclrtext                     clrtext      0000
__Hcode                        code         0000
__Hcommon                      common       0000
__Hconfig                      config       2008
__HcstackBANK0                 cstackBANK0  0000
__HcstackCOMMON                cstackCOMMON 0000
__HdataBANK0                   dataBANK0    0000
__HdataBANK1                   dataBANK1    0000
__HdataCOMMON                  dataCOMMON   0000
__Heeprom_data                 eeprom_data  0000
__Hend_init                    end_init     000F
__Hfunctab                     functab      0000
__HidataBANK0                  idataBANK0   0000
__HidataBANK1                  idataBANK1   0000
__HidataCOMMON                 idataCOMMON  0000
__Hidloc                       idloc        0000
__Hinit                        init         000C
__Hinittext                    inittext     0000
__Hintentry                    intentry     000C
__Hmaintext                    maintext     0000
__Hpowerup                     powerup      0000
__Hram                         ram          0000
__Hreset_vec                   reset_vec    0003
__Hsfr0                        sfr0         0000
__Hsfr1                        sfr1         0000
__Hsfr2                        sfr2         0000
__Hsfr3                        sfr3         0000
__Hspace_0                     (abs)        2008
__Hspace_1                     (abs)        01B8
__Hspace_2                     (abs)        0000
__Hspace_3                     (abs)        0000
__Hstack                       stack        0000
__Hstrings                     strings      0000
__Htext                        text         0000
__Labs1                        abs1         0000
__Lbank0                       bank0        0000
__Lbank1                       bank1        0000
__Lbank2                       bank2        0000
__Lbank3                       bank3        0000
__LbssBANK0                    bssBANK0     0000
__LbssBANK1                    bssBANK1     0000
__LbssBANK3                    bssBANK3     0000
__LbssCOMMON                   bssCOMMON    0000
__Lcinit                       cinit        000F
__Lclrtext                     clrtext      0000
__Lcode                        code         0000
__Lcommon                      common       0000
__Lconfig                      config       2007
__LcstackBANK0                 cstackBANK0  0000
__LcstackCOMMON                cstackCOMMON 0000
__LdataBANK0                   dataBANK0    0000
__LdataBANK1                   dataBANK1    0000
__LdataCOMMON                  dataCOMMON   0000
__Leeprom_data                 eeprom_data  0000
__Lend_init                    end_init     000C
__Lfunctab                     functab      0000
__LidataBANK0                  idataBANK0   0000
__LidataBANK1                  idataBANK1   0000
__LidataCOMMON                 idataCOMMON  0000
__Lidloc                       idloc        0000
__Linit                        init         000C
__Linittext                    inittext     0000
__Lintentry                    intentry     0004
__Lmaintext                    maintext     0000
__Lpowerup                     powerup      0000
__Lram                         ram          0000
__Lreset_vec                   reset_vec    0000
__Lsfr0                        sfr0         0000
__Lsfr1                        sfr1         0000
__Lsfr2                        sfr2         0000
__Lsfr3                        sfr3         0000
__Lspace_0                     (abs)        0000
__Lspace_1                     (abs)        0000
__Lspace_2                     (abs)        0000
__Lspace_3                     (abs)        0000
__Lstack                       stack        0000
__Lstrings                     strings      0000
__Ltext                        text         0000
__S0                           (abs)        2008
__S1                           (abs)        01B8
__S2                           (abs)        0000
__S3                           (abs)        0000
___int_sp                      stack        0000
___latbits                     (abs)        0002
___lwdiv                       text2        02E5
___lwdiv@counter               cstackBANK0  005E
___lwdiv@dividend              cstackCOMMON 0075
___lwdiv@divisor               cstackCOMMON 0073
___lwdiv@quotient              cstackBANK0  005F
___lwmod                       text1        035A
___lwmod@counter               cstackBANK0  0065
___lwmod@dividend              cstackBANK0  0063
___lwmod@divisor               cstackBANK0  0061
___sp                          stack        0000
___stackhi                     (abs)        0000
___stacklo                     (abs)        0000
__end_of_InitialVariableHande  text6        040D
__end_of_OparateSystem         text4        01CE
__end_of_SerialPrint           text5        03AE
__end_of_SetupConfHandle       text3        035A
__end_of_T0int                 text7        03F1
__end_of___lwdiv               text2        0321
__end_of___lwmod               text1        038C
__end_of__initialization       cinit        0049
__end_of__stringtab            strings      02B9
__end_of_main                  maintext     02A9
__initialization               cinit        000F
__pbssBANK0                    bssBANK0     0020
__pbssBANK1                    bssBANK1     00A0
__pbssBANK3                    bssBANK3     0190
__pbssCOMMON                   bssCOMMON    0079
__pcstackBANK0                 cstackBANK0  005E
__pcstackCOMMON                cstackCOMMON 0070
__pdataBANK0                   dataBANK0    0049
__pdataBANK1                   dataBANK1    00C8
__pdataCOMMON                  dataCOMMON   007A
__pidataBANK0                  idataBANK0   03C7
__pidataBANK1                  idataBANK1   03AE
__pidataCOMMON                 idataCOMMON  040D
__pintentry                    intentry     0004
__pmaintext                    maintext     01CE
__pstrings                     strings      02A9
__ptext1                       text1        035A
__ptext2                       text2        02E5
__ptext3                       text3        0321
__ptext4                       text4        004D
__ptext5                       text5        038C
__ptext6                       text6        040A
__ptext7                       text7        03DC
__size_of_InitialVariableHande (abs)        0000
__size_of_OparateSystem        (abs)        0000
__size_of_SerialPrint          (abs)        0000
__size_of_SetupConfHandle      (abs)        0000
__size_of_T0int                (abs)        0000
__size_of___lwdiv              (abs)        0000
__size_of___lwmod              (abs)        0000
__size_of_main                 (abs)        0000
__stringbase                   strings      02B8
__stringtab                    strings      02A9
_main                          maintext     01CE
_shiftRegIndex                 bssBANK0     003C
btemp                          (abs)        007E
clear_ram0                     clrtext      0402
end_of_initialization          cinit        0049
init_fetch0                    inittext     03F1
init_ram0                      inittext     03F5
interrupt_function             intentry     0004
intlevel0                      functab      0000
intlevel1                      functab      0000
intlevel2                      functab      0000
intlevel3                      functab      0000
intlevel4                      functab      0000
intlevel5                      functab      0000
reset_vec                      reset_vec    0000
saved_w                        (abs)        007E
start                          init         000C
start_initialization           cinit        000F
wtemp0                         (abs)        007E


FUNCTION INFORMATION:

 *************** function _main *****************
 Defined at:
		line 69 in file "Source_Files/main.c"
 Parameters:    Size  Location     Type
		None
 Auto vars:     Size  Location     Type
		None
 Return value:  Size  Location     Type
                  1    wreg      void 
 Registers used:
		wreg, fsr0l, fsr0h, status,2, status,0, btemp+1, pclath, cstack
 Tracked objects:
		On entry : 
		On exit  : 
		Unchanged: 
 Data sizes:     COMMON   BANK0   BANK1   BANK3   BANK2
      Params:         0       0       0       0       0
      Locals:         0       0       0       0       0
      Temps:          0       1       0       0       0
      Totals:         0       1       0       0       0
Total ram usage:        1 bytes
 Hardware stack levels required when called:    4
 This function calls:
		_InitialVariableHande
		_OparateSystem
		_SerialPrint
		_SetupConfHandle
		___lwdiv
		___lwmod
 This function is called by:
		Startup code after reset
 This function uses a non-reentrant model


 *************** function ___lwmod *****************
 Defined at:
		line 5 in file "C:\Program Files (x86)\Microchip\xc8\v2.10\pic\sources\c90\common\lwmod.c"
 Parameters:    Size  Location     Type
  divisor         2    3[BANK0 ] unsigned int 
  dividend        2    5[BANK0 ] unsigned int 
 Auto vars:     Size  Location     Type
  counter         1    7[BANK0 ] unsigned char 
 Return value:  Size  Location     Type
                  2    3[BANK0 ] unsigned int 
 Registers used:
		wreg, status,2, status,0
 Tracked objects:
		On entry : 
		On exit  : 
		Unchanged: 
 Data sizes:     COMMON   BANK0   BANK1   BANK3   BANK2
      Params:         0       4       0       0       0
      Locals:         0       1       0       0       0
      Temps:          1       0       0       0       0
      Totals:         1       5       0       0       0
Total ram usage:        6 bytes
 Hardware stack levels used:    1
 Hardware stack levels required when called:    1
 This function calls:
		Nothing
 This function is called by:
		_main
 This function uses a non-reentrant model


 *************** function ___lwdiv *****************
 Defined at:
		line 5 in file "C:\Program Files (x86)\Microchip\xc8\v2.10\pic\sources\c90\common\lwdiv.c"
 Parameters:    Size  Location     Type
  divisor         2    3[COMMON] unsigned int 
  dividend        2    5[COMMON] unsigned int 
 Auto vars:     Size  Location     Type
  quotient        2    1[BANK0 ] unsigned int 
  counter         1    0[BANK0 ] unsigned char 
 Return value:  Size  Location     Type
                  2    3[COMMON] unsigned int 
 Registers used:
		wreg, status,2, status,0
 Tracked objects:
		On entry : 
		On exit  : 
		Unchanged: 
 Data sizes:     COMMON   BANK0   BANK1   BANK3   BANK2
      Params:         4       0       0       0       0
      Locals:         0       3       0       0       0
      Temps:          1       0       0       0       0
      Totals:         5       3       0       0       0
Total ram usage:        8 bytes
 Hardware stack levels used:    1
 Hardware stack levels required when called:    1
 This function calls:
		Nothing
 This function is called by:
		_main
 This function uses a non-reentrant model


 *************** function _SetupConfHandle *****************
 Defined at:
		line 105 in file "Source_Files/main.c"
 Parameters:    Size  Location     Type
		None
 Auto vars:     Size  Location     Type
		None
 Return value:  Size  Location     Type
                  1    wreg      void 
 Registers used:
		wreg, status,2
 Tracked objects:
		On entry : 
		On exit  : 
		Unchanged: 
 Data sizes:     COMMON   BANK0   BANK1   BANK3   BANK2
      Params:         0       0       0       0       0
      Locals:         0       0       0       0       0
      Temps:          0       0       0       0       0
      Totals:         0       0       0       0       0
Total ram usage:        0 bytes
 Hardware stack levels used:    1
 Hardware stack levels required when called:    1
 This function calls:
		Nothing
 This function is called by:
		_main
 This function uses a non-reentrant model


 *************** function _OparateSystem *****************
 Defined at:
		line 179 in file "Source_Files/main.c"
 Parameters:    Size  Location     Type
		None
 Auto vars:     Size  Location     Type
  Idx             2    1[BANK0 ] unsigned int 
  DataPtr         1    0[BANK0 ] PTR unsigned int 
		 -> TempArray(10), 
 Return value:  Size  Location     Type
                  1    wreg      void 
 Registers used:
		wreg, fsr0l, fsr0h, status,2, status,0, btemp+1, pclath, cstack
 Tracked objects:
		On entry : 
		On exit  : 
		Unchanged: 
 Data sizes:     COMMON   BANK0   BANK1   BANK3   BANK2
      Params:         0       0       0       0       0
      Locals:         0       3       0       0       0
      Temps:          4       0       0       0       0
      Totals:         4       3       0       0       0
Total ram usage:        7 bytes
 Hardware stack levels used:    1
 Hardware stack levels required when called:    3
 This function calls:
		_SerialPrint
 This function is called by:
		_main
 This function uses a non-reentrant model


 *************** function _SerialPrint *****************
 Defined at:
		line 337 in file "Source_Files/main.c"
 Parameters:    Size  Location     Type
  Text            2    3[COMMON] PTR unsigned char 
		 -> STR_3(19), STR_2(12), STR_1(13), Tmessage(25), 
		 -> Rhmessage(20), 
 Auto vars:     Size  Location     Type
		None
 Return value:  Size  Location     Type
                  1    wreg      void 
 Registers used:
		wreg, fsr0l, fsr0h, btemp+1, pclath
 Tracked objects:
		On entry : 
		On exit  : 
		Unchanged: 
 Data sizes:     COMMON   BANK0   BANK1   BANK3   BANK2
      Params:         2       0       0       0       0
      Locals:         0       0       0       0       0
      Temps:          0       0       0       0       0
      Totals:         2       0       0       0       0
Total ram usage:        2 bytes
 Hardware stack levels used:    2
 Hardware stack levels required when called:    1
 This function calls:
		Nothing
 This function is called by:
		_main
		_OparateSystem
 This function uses a non-reentrant model


 *************** function _InitialVariableHande *****************
 Defined at:
		line 173 in file "Source_Files/main.c"
 Parameters:    Size  Location     Type
		None
 Auto vars:     Size  Location     Type
		None
 Return value:  Size  Location     Type
                  1    wreg      void 
 Registers used:
		None
 Tracked objects:
		On entry : 
		On exit  : 
		Unchanged: 
 Data sizes:     COMMON   BANK0   BANK1   BANK3   BANK2
      Params:         0       0       0       0       0
      Locals:         0       0       0       0       0
      Temps:          0       0       0       0       0
      Totals:         0       0       0       0       0
Total ram usage:        0 bytes
 Hardware stack levels used:    1
 Hardware stack levels required when called:    1
 This function calls:
		Nothing
 This function is called by:
		_main
 This function uses a non-reentrant model


 *************** function _T0int *****************
 Defined at:
		line 349 in file "Source_Files/main.c"
 Parameters:    Size  Location     Type
		None
 Auto vars:     Size  Location     Type
		None
 Return value:  Size  Location     Type
                  1    wreg      void 
 Registers used:
		wreg, status,2, status,0
 Tracked objects:
		On entry : 
		On exit  : 
		Unchanged: 
 Data sizes:     COMMON   BANK0   BANK1   BANK3   BANK2
      Params:         0       0       0       0       0
      Locals:         0       0       0       0       0
      Temps:          3       0       0       0       0
      Totals:         3       0       0       0       0
Total ram usage:        3 bytes
 Hardware stack levels used:    1
 This function calls:
		Nothing
 This function is called by:
		Interrupt level 1
 This function uses a non-reentrant model



MODULE INFORMATION

Module		Function		Class		Link	Load	Size
C:\Program Files (x86)\Microchip\xc8\v2.10\pic\sources\c90\common\lwdiv.c
		___lwdiv       		CODE           	02E5	0000	61

C:\Program Files (x86)\Microchip\xc8\v2.10\pic\sources\c90\common\lwdiv.c estimated size: 61

shared
		__stringtab    		STRING         	02A9	0000	17
		__initialization		CODE           	000F	0000	59

shared estimated size: 76

C:\Program Files (x86)\Microchip\xc8\v2.10\pic\sources\c90\common\lwmod.c
		___lwmod       		CODE           	035A	0000	51

C:\Program Files (x86)\Microchip\xc8\v2.10\pic\sources\c90\common\lwmod.c estimated size: 51

Source_Files/main.c
		_main          		CODE           	01CE	0000	220
		_SetupConfHandle		CODE           	0321	0000	58
		_OparateSystem 		CODE           	004D	0000	386
		_InitialVariableHande		CODE           	040A	0000	4
		_T0int         		CODE           	03DC	0000	22
		_SerialPrint   		CODE           	038C	0000	35

Source_Files/main.c estimated size: 725

